
[Incubating] Problems report is available at: file:///C:/Users/alfia/Documents/chatPOS/build/reports/problems/problems-report.html
